Copyright 1986-2022 Xilinx, Inc. All Rights Reserved. Copyright 2022-2025 Advanced Micro Devices, Inc. All Rights Reserved.
---------------------------------------------------------------------------------------------------------------------------------------------------------------------------------------------------------------------
| Tool Version : Vivado v.2025.2 (win64) Build 6299465 Fri Nov 14 19:35:11 GMT 2025
| Date         : Wed Jul 29 20:13:57 2026
| Host         : Shinobi running 64-bit major release  (build 9200)
| Command      : report_timing_summary -max_paths 10 -routable_nets -report_unconstrained -file alu_timing_summary_routed.rpt -pb alu_timing_summary_routed.pb -rpx alu_timing_summary_routed.rpx -warn_on_violation
| Design       : alu
| Device       : 7a100t-csg324
| Speed File   : -1  PRODUCTION 1.23 2018-06-13
| Design State : Routed
---------------------------------------------------------------------------------------------------------------------------------------------------------------------------------------------------------------------

Timing Summary Report

------------------------------------------------------------------------------------------------
| Timer Settings
| --------------
------------------------------------------------------------------------------------------------

  Enable Multi Corner Analysis               :  Yes
  Enable Pessimism Removal                   :  Yes
  Pessimism Removal Resolution               :  Nearest Common Node
  Enable Input Delay Default Clock           :  No
  Enable Preset / Clear Arcs                 :  No
  Disable Flight Delays                      :  No
  Ignore I/O Paths                           :  No
  Timing Early Launch at Borrowing Latches   :  No
  Borrow Time for Max Delay Exceptions       :  Yes
  Merge Timing Exceptions                    :  Yes
  Inter-SLR Compensation                     :  Conservative

  Corner  Analyze    Analyze    
  Name    Max Paths  Min Paths  
  ------  ---------  ---------  
  Slow    Yes        Yes        
  Fast    Yes        Yes        


------------------------------------------------------------------------------------------------
| Report Methodology
| ------------------
------------------------------------------------------------------------------------------------

No report available as report_methodology has not been run prior. Run report_methodology on the current design for the summary of methodology violations.



check_timing report

Table of Contents
-----------------
1. checking no_clock (0)
2. checking constant_clock (0)
3. checking pulse_width_clock (0)
4. checking unconstrained_internal_endpoints (0)
5. checking no_input_delay (0)
6. checking no_output_delay (0)
7. checking multiple_clock (0)
8. checking generated_clocks (0)
9. checking loops (0)
10. checking partial_input_delay (0)
11. checking partial_output_delay (0)
12. checking latch_loops (0)

1. checking no_clock (0)
------------------------
 There are 0 register/latch pins with no clock.


2. checking constant_clock (0)
------------------------------
 There are 0 register/latch pins with constant_clock.


3. checking pulse_width_clock (0)
---------------------------------
 There are 0 register/latch pins which need pulse_width check


4. checking unconstrained_internal_endpoints (0)
------------------------------------------------
 There are 0 pins that are not constrained for maximum delay.

 There are 0 pins that are not constrained for maximum delay due to constant clock.


5. checking no_input_delay (0)
------------------------------
 There are 0 input ports with no input delay specified.

 There are 0 input ports with no input delay but user has a false path constraint.


6. checking no_output_delay (0)
-------------------------------
 There are 0 ports with no output delay specified.

 There are 0 ports with no output delay but user has a false path constraint

 There are 0 ports with no output delay but with a timing clock defined on it or propagating through it


7. checking multiple_clock (0)
------------------------------
 There are 0 register/latch pins with multiple clocks.


8. checking generated_clocks (0)
--------------------------------
 There are 0 generated clocks that are not connected to a clock source.


9. checking loops (0)
---------------------
 There are 0 combinational loops in the design.


10. checking partial_input_delay (0)
------------------------------------
 There are 0 input ports with partial input delay specified.


11. checking partial_output_delay (0)
-------------------------------------
 There are 0 ports with partial output delay specified.


12. checking latch_loops (0)
----------------------------
 There are 0 combinational latch loops in the design through latch input



------------------------------------------------------------------------------------------------
| Design Timing Summary
| ---------------------
------------------------------------------------------------------------------------------------

    WNS(ns)      TNS(ns)  TNS Failing Endpoints  TNS Total Endpoints      WHS(ns)      THS(ns)  THS Failing Endpoints  THS Total Endpoints     WPWS(ns)     TPWS(ns)  TPWS Failing Endpoints  TPWS Total Endpoints  
    -------      -------  ---------------------  -------------------      -------      -------  ---------------------  -------------------     --------     --------  ----------------------  --------------------  
        inf        0.000                      0                   11          inf        0.000                      0                   11           NA           NA                      NA                    NA  


There are no user specified timing constraints.


------------------------------------------------------------------------------------------------
| Clock Summary
| -------------
------------------------------------------------------------------------------------------------


------------------------------------------------------------------------------------------------
| Intra Clock Table
| -----------------
------------------------------------------------------------------------------------------------

Clock             WNS(ns)      TNS(ns)  TNS Failing Endpoints  TNS Total Endpoints      WHS(ns)      THS(ns)  THS Failing Endpoints  THS Total Endpoints     WPWS(ns)     TPWS(ns)  TPWS Failing Endpoints  TPWS Total Endpoints  
-----             -------      -------  ---------------------  -------------------      -------      -------  ---------------------  -------------------     --------     --------  ----------------------  --------------------  


------------------------------------------------------------------------------------------------
| Inter Clock Table
| -----------------
------------------------------------------------------------------------------------------------

From Clock    To Clock          WNS(ns)      TNS(ns)  TNS Failing Endpoints  TNS Total Endpoints      WHS(ns)      THS(ns)  THS Failing Endpoints  THS Total Endpoints  
----------    --------          -------      -------  ---------------------  -------------------      -------      -------  ---------------------  -------------------  


------------------------------------------------------------------------------------------------
| Other Path Groups Table
| -----------------------
------------------------------------------------------------------------------------------------

Path Group    From Clock    To Clock          WNS(ns)      TNS(ns)  TNS Failing Endpoints  TNS Total Endpoints      WHS(ns)      THS(ns)  THS Failing Endpoints  THS Total Endpoints  
----------    ----------    --------          -------      -------  ---------------------  -------------------      -------      -------  ---------------------  -------------------  


------------------------------------------------------------------------------------------------
| User Ignored Path Table
| -----------------------
------------------------------------------------------------------------------------------------

Path Group    From Clock    To Clock    
----------    ----------    --------    


------------------------------------------------------------------------------------------------
| Unconstrained Path Table
| ------------------------
------------------------------------------------------------------------------------------------

Path Group    From Clock    To Clock    
----------    ----------    --------    
(none)                                    


------------------------------------------------------------------------------------------------
| Timing Details
| --------------
------------------------------------------------------------------------------------------------


--------------------------------------------------------------------------------------
Path Group:  (none)
From Clock:  
  To Clock:  

Max Delay            11 Endpoints
Min Delay            11 Endpoints
--------------------------------------------------------------------------------------


Max Delay Paths
--------------------------------------------------------------------------------------
Slack:                    inf
  Source:                 operandA[0]
                            (input port)
  Destination:            underflowFlag
                            (output port)
  Path Group:             (none)
  Path Type:              Max at Slow Process Corner
  Data Path Delay:        12.252ns  (logic 5.398ns (44.059%)  route 6.854ns (55.941%))
  Logic Levels:           9  (CARRY4=3 IBUF=1 LUT2=1 LUT4=1 LUT5=1 LUT6=1 OBUF=1)

    Location             Delay type                Incr(ns)  Path(ns)    Netlist Resource(s)
  -------------------------------------------------------------------    -------------------
    R10                                               0.000     0.000 r  operandA[0] (IN)
                         net (fo=0)                   0.000     0.000    operandA[0]
    R10                  IBUF (Prop_ibuf_I_O)         0.986     0.986 r  operandA_IBUF[0]_inst/O
                         net (fo=9, routed)           1.966     2.951    flags/operandA_IBUF[0]
    SLICE_X2Y63          LUT2 (Prop_lut2_I0_O)        0.124     3.075 r  flags/result_OBUF[3]_inst_i_12/O
                         net (fo=1, routed)           0.000     3.075    flags/result_OBUF[3]_inst_i_12_n_0
    SLICE_X2Y63          CARRY4 (Prop_carry4_S[0]_CO[3])
                                                      0.513     3.588 r  flags/result_OBUF[3]_inst_i_4/CO[3]
                         net (fo=1, routed)           0.000     3.588    flags/result_OBUF[3]_inst_i_4_n_0
    SLICE_X2Y64          CARRY4 (Prop_carry4_CI_O[0])
                                                      0.219     3.807 r  flags/result_OBUF[7]_inst_i_4/O[0]
                         net (fo=1, routed)           0.802     4.609    flags/result01_in[4]
    SLICE_X1Y64          LUT6 (Prop_lut6_I4_O)        0.295     4.904 r  flags/result_OBUF[4]_inst_i_1/O
                         net (fo=8, routed)           0.965     5.869    flags/result_OBUF[4]
    SLICE_X1Y65          LUT4 (Prop_lut4_I0_O)        0.124     5.993 r  flags/underflowFlag0_carry_i_6/O
                         net (fo=1, routed)           0.000     5.993    flags/underflowFlag0_carry_i_6_n_0
    SLICE_X1Y65          CARRY4 (Prop_carry4_S[2]_CO[3])
                                                      0.398     6.391 r  flags/underflowFlag0_carry/CO[3]
                         net (fo=1, routed)           1.019     7.410    flags/underflowFlag0_carry_n_0
    SLICE_X0Y66          LUT5 (Prop_lut5_I0_O)        0.124     7.534 r  flags/underflowFlag_OBUF_inst_i_1/O
                         net (fo=1, routed)           2.103     9.636    underflowFlag_OBUF
    M17                  OBUF (Prop_obuf_I_O)         2.615    12.252 r  underflowFlag_OBUF_inst/O
                         net (fo=0)                   0.000    12.252    underflowFlag
    M17                                                               r  underflowFlag (OUT)
  -------------------------------------------------------------------    -------------------

Slack:                    inf
  Source:                 operandA[0]
                            (input port)
  Destination:            overflowFlag
                            (output port)
  Path Group:             (none)
  Path Type:              Max at Slow Process Corner
  Data Path Delay:        11.998ns  (logic 5.520ns (46.007%)  route 6.478ns (53.993%))
  Logic Levels:           9  (CARRY4=3 IBUF=1 LUT2=1 LUT4=1 LUT6=2 OBUF=1)

    Location             Delay type                Incr(ns)  Path(ns)    Netlist Resource(s)
  -------------------------------------------------------------------    -------------------
    R10                                               0.000     0.000 r  operandA[0] (IN)
                         net (fo=0)                   0.000     0.000    operandA[0]
    R10                  IBUF (Prop_ibuf_I_O)         0.986     0.986 r  operandA_IBUF[0]_inst/O
                         net (fo=9, routed)           1.938     2.923    flags/operandA_IBUF[0]
    SLICE_X3Y63          LUT2 (Prop_lut2_I1_O)        0.124     3.047 r  flags/result_OBUF[3]_inst_i_8/O
                         net (fo=1, routed)           0.000     3.047    flags/result_OBUF[3]_inst_i_8_n_0
    SLICE_X3Y63          CARRY4 (Prop_carry4_S[0]_CO[3])
                                                      0.532     3.579 r  flags/result_OBUF[3]_inst_i_3/CO[3]
                         net (fo=1, routed)           0.000     3.579    flags/result_OBUF[3]_inst_i_3_n_0
    SLICE_X3Y64          CARRY4 (Prop_carry4_CI_O[3])
                                                      0.313     3.892 r  flags/result_OBUF[7]_inst_i_3/O[3]
                         net (fo=1, routed)           0.760     4.652    flags/result02_in[7]
    SLICE_X2Y65          LUT6 (Prop_lut6_I1_O)        0.306     4.958 r  flags/result_OBUF[7]_inst_i_1/O
                         net (fo=8, routed)           0.799     5.757    flags/result_OBUF[7]
    SLICE_X0Y64          LUT4 (Prop_lut4_I3_O)        0.124     5.881 r  flags/overflowFlag1_carry_i_5/O
                         net (fo=1, routed)           0.000     5.881    flags/overflowFlag1_carry_i_5_n_0
    SLICE_X0Y64          CARRY4 (Prop_carry4_S[3]_CO[3])
                                                      0.401     6.282 r  flags/overflowFlag1_carry/CO[3]
                         net (fo=1, routed)           0.897     7.180    flags/overflowFlag1_carry_n_0
    SLICE_X0Y66          LUT6 (Prop_lut6_I1_O)        0.124     7.304 r  flags/overflowFlag_OBUF_inst_i_1/O
                         net (fo=1, routed)           2.084     9.388    overflowFlag_OBUF
    N15                  OBUF (Prop_obuf_I_O)         2.610    11.998 r  overflowFlag_OBUF_inst/O
                         net (fo=0)                   0.000    11.998    overflowFlag
    N15                                                               r  overflowFlag (OUT)
  -------------------------------------------------------------------    -------------------

Slack:                    inf
  Source:                 operandA[0]
                            (input port)
  Destination:            zeroFlag
                            (output port)
  Path Group:             (none)
  Path Type:              Max at Slow Process Corner
  Data Path Delay:        11.253ns  (logic 4.821ns (42.836%)  route 6.433ns (57.164%))
  Logic Levels:           7  (CARRY4=1 IBUF=1 LUT2=1 LUT4=1 LUT6=2 OBUF=1)

    Location             Delay type                Incr(ns)  Path(ns)    Netlist Resource(s)
  -------------------------------------------------------------------    -------------------
    R10                                               0.000     0.000 r  operandA[0] (IN)
                         net (fo=0)                   0.000     0.000    operandA[0]
    R10                  IBUF (Prop_ibuf_I_O)         0.986     0.986 r  operandA_IBUF[0]_inst/O
                         net (fo=9, routed)           1.938     2.923    flags/operandA_IBUF[0]
    SLICE_X3Y63          LUT2 (Prop_lut2_I1_O)        0.124     3.047 r  flags/result_OBUF[3]_inst_i_8/O
                         net (fo=1, routed)           0.000     3.047    flags/result_OBUF[3]_inst_i_8_n_0
    SLICE_X3Y63          CARRY4 (Prop_carry4_S[0]_O[2])
                                                      0.547     3.594 f  flags/result_OBUF[3]_inst_i_3/O[2]
                         net (fo=1, routed)           0.631     4.225    flags/result02_in[2]
    SLICE_X1Y63          LUT6 (Prop_lut6_I1_O)        0.302     4.527 f  flags/result_OBUF[2]_inst_i_1/O
                         net (fo=8, routed)           1.306     5.833    result_OBUF[2]
    SLICE_X0Y69          LUT4 (Prop_lut4_I0_O)        0.124     5.957 f  zeroFlag_OBUF_inst_i_2/O
                         net (fo=1, routed)           0.444     6.401    zeroFlag_OBUF_inst_i_2_n_0
    SLICE_X0Y69          LUT6 (Prop_lut6_I0_O)        0.124     6.525 r  zeroFlag_OBUF_inst_i_1/O
                         net (fo=1, routed)           2.115     8.640    zeroFlag_OBUF
    M16                  OBUF (Prop_obuf_I_O)         2.614    11.253 r  zeroFlag_OBUF_inst/O
                         net (fo=0)                   0.000    11.253    zeroFlag
    M16                                                               r  zeroFlag (OUT)
  -------------------------------------------------------------------    -------------------

Slack:                    inf
  Source:                 operandA[0]
                            (input port)
  Destination:            result[5]
                            (output port)
  Path Group:             (none)
  Path Type:              Max at Slow Process Corner
  Data Path Delay:        10.083ns  (logic 4.919ns (48.786%)  route 5.164ns (51.214%))
  Logic Levels:           6  (CARRY4=2 IBUF=1 LUT2=1 LUT6=1 OBUF=1)

    Location             Delay type                Incr(ns)  Path(ns)    Netlist Resource(s)
  -------------------------------------------------------------------    -------------------
    R10                                               0.000     0.000 r  operandA[0] (IN)
                         net (fo=0)                   0.000     0.000    operandA[0]
    R10                  IBUF (Prop_ibuf_I_O)         0.986     0.986 r  operandA_IBUF[0]_inst/O
                         net (fo=9, routed)           1.938     2.923    flags/operandA_IBUF[0]
    SLICE_X3Y63          LUT2 (Prop_lut2_I1_O)        0.124     3.047 r  flags/result_OBUF[3]_inst_i_8/O
                         net (fo=1, routed)           0.000     3.047    flags/result_OBUF[3]_inst_i_8_n_0
    SLICE_X3Y63          CARRY4 (Prop_carry4_S[0]_CO[3])
                                                      0.532     3.579 r  flags/result_OBUF[3]_inst_i_3/CO[3]
                         net (fo=1, routed)           0.000     3.579    flags/result_OBUF[3]_inst_i_3_n_0
    SLICE_X3Y64          CARRY4 (Prop_carry4_CI_O[1])
                                                      0.334     3.913 r  flags/result_OBUF[7]_inst_i_3/O[1]
                         net (fo=1, routed)           0.649     4.563    flags/result02_in[5]
    SLICE_X1Y64          LUT6 (Prop_lut6_I1_O)        0.303     4.866 r  flags/result_OBUF[5]_inst_i_1/O
                         net (fo=8, routed)           2.577     7.442    result_OBUF[5]
    R17                  OBUF (Prop_obuf_I_O)         2.640    10.083 r  result_OBUF[5]_inst/O
                         net (fo=0)                   0.000    10.083    result[5]
    R17                                                               r  result[5] (OUT)
  -------------------------------------------------------------------    -------------------

Slack:                    inf
  Source:                 operandA[0]
                            (input port)
  Destination:            result[7]
                            (output port)
  Path Group:             (none)
  Path Type:              Max at Slow Process Corner
  Data Path Delay:        9.919ns  (logic 4.877ns (49.172%)  route 5.042ns (50.828%))
  Logic Levels:           6  (CARRY4=2 IBUF=1 LUT2=1 LUT6=1 OBUF=1)

    Location             Delay type                Incr(ns)  Path(ns)    Netlist Resource(s)
  -------------------------------------------------------------------    -------------------
    R10                                               0.000     0.000 r  operandA[0] (IN)
                         net (fo=0)                   0.000     0.000    operandA[0]
    R10                  IBUF (Prop_ibuf_I_O)         0.986     0.986 r  operandA_IBUF[0]_inst/O
                         net (fo=9, routed)           1.938     2.923    flags/operandA_IBUF[0]
    SLICE_X3Y63          LUT2 (Prop_lut2_I1_O)        0.124     3.047 r  flags/result_OBUF[3]_inst_i_8/O
                         net (fo=1, routed)           0.000     3.047    flags/result_OBUF[3]_inst_i_8_n_0
    SLICE_X3Y63          CARRY4 (Prop_carry4_S[0]_CO[3])
                                                      0.532     3.579 r  flags/result_OBUF[3]_inst_i_3/CO[3]
                         net (fo=1, routed)           0.000     3.579    flags/result_OBUF[3]_inst_i_3_n_0
    SLICE_X3Y64          CARRY4 (Prop_carry4_CI_O[3])
                                                      0.313     3.892 r  flags/result_OBUF[7]_inst_i_3/O[3]
                         net (fo=1, routed)           0.760     4.652    flags/result02_in[7]
    SLICE_X2Y65          LUT6 (Prop_lut6_I1_O)        0.306     4.958 r  flags/result_OBUF[7]_inst_i_1/O
                         net (fo=8, routed)           2.344     7.302    result_OBUF[7]
    N16                  OBUF (Prop_obuf_I_O)         2.617     9.919 r  result_OBUF[7]_inst/O
                         net (fo=0)                   0.000     9.919    result[7]
    N16                                                               r  result[7] (OUT)
  -------------------------------------------------------------------    -------------------

Slack:                    inf
  Source:                 operandA[0]
                            (input port)
  Destination:            result[4]
                            (output port)
  Path Group:             (none)
  Path Type:              Max at Slow Process Corner
  Data Path Delay:        9.847ns  (logic 4.763ns (48.371%)  route 5.084ns (51.629%))
  Logic Levels:           6  (CARRY4=2 IBUF=1 LUT2=1 LUT6=1 OBUF=1)

    Location             Delay type                Incr(ns)  Path(ns)    Netlist Resource(s)
  -------------------------------------------------------------------    -------------------
    R10                                               0.000     0.000 r  operandA[0] (IN)
                         net (fo=0)                   0.000     0.000    operandA[0]
    R10                  IBUF (Prop_ibuf_I_O)         0.986     0.986 r  operandA_IBUF[0]_inst/O
                         net (fo=9, routed)           1.966     2.951    flags/operandA_IBUF[0]
    SLICE_X2Y63          LUT2 (Prop_lut2_I0_O)        0.124     3.075 r  flags/result_OBUF[3]_inst_i_12/O
                         net (fo=1, routed)           0.000     3.075    flags/result_OBUF[3]_inst_i_12_n_0
    SLICE_X2Y63          CARRY4 (Prop_carry4_S[0]_CO[3])
                                                      0.513     3.588 r  flags/result_OBUF[3]_inst_i_4/CO[3]
                         net (fo=1, routed)           0.000     3.588    flags/result_OBUF[3]_inst_i_4_n_0
    SLICE_X2Y64          CARRY4 (Prop_carry4_CI_O[0])
                                                      0.219     3.807 r  flags/result_OBUF[7]_inst_i_4/O[0]
                         net (fo=1, routed)           0.802     4.609    flags/result01_in[4]
    SLICE_X1Y64          LUT6 (Prop_lut6_I4_O)        0.295     4.904 r  flags/result_OBUF[4]_inst_i_1/O
                         net (fo=8, routed)           2.317     7.221    result_OBUF[4]
    P15                  OBUF (Prop_obuf_I_O)         2.627     9.847 r  result_OBUF[4]_inst/O
                         net (fo=0)                   0.000     9.847    result[4]
    P15                                                               r  result[4] (OUT)
  -------------------------------------------------------------------    -------------------

Slack:                    inf
  Source:                 operandA[0]
                            (input port)
  Destination:            result[2]
                            (output port)
  Path Group:             (none)
  Path Type:              Max at Slow Process Corner
  Data Path Delay:        9.689ns  (logic 4.603ns (47.513%)  route 5.085ns (52.487%))
  Logic Levels:           5  (CARRY4=1 IBUF=1 LUT2=1 LUT6=1 OBUF=1)

    Location             Delay type                Incr(ns)  Path(ns)    Netlist Resource(s)
  -------------------------------------------------------------------    -------------------
    R10                                               0.000     0.000 r  operandA[0] (IN)
                         net (fo=0)                   0.000     0.000    operandA[0]
    R10                  IBUF (Prop_ibuf_I_O)         0.986     0.986 r  operandA_IBUF[0]_inst/O
                         net (fo=9, routed)           1.938     2.923    flags/operandA_IBUF[0]
    SLICE_X3Y63          LUT2 (Prop_lut2_I1_O)        0.124     3.047 r  flags/result_OBUF[3]_inst_i_8/O
                         net (fo=1, routed)           0.000     3.047    flags/result_OBUF[3]_inst_i_8_n_0
    SLICE_X3Y63          CARRY4 (Prop_carry4_S[0]_O[2])
                                                      0.547     3.594 r  flags/result_OBUF[3]_inst_i_3/O[2]
                         net (fo=1, routed)           0.631     4.225    flags/result02_in[2]
    SLICE_X1Y63          LUT6 (Prop_lut6_I1_O)        0.302     4.527 r  flags/result_OBUF[2]_inst_i_1/O
                         net (fo=8, routed)           2.517     7.044    result_OBUF[2]
    T14                  OBUF (Prop_obuf_I_O)         2.645     9.689 r  result_OBUF[2]_inst/O
                         net (fo=0)                   0.000     9.689    result[2]
    T14                                                               r  result[2] (OUT)
  -------------------------------------------------------------------    -------------------

Slack:                    inf
  Source:                 operandA[0]
                            (input port)
  Destination:            result[6]
                            (output port)
  Path Group:             (none)
  Path Type:              Max at Slow Process Corner
  Data Path Delay:        9.674ns  (logic 4.818ns (49.809%)  route 4.855ns (50.191%))
  Logic Levels:           6  (CARRY4=2 IBUF=1 LUT2=1 LUT6=1 OBUF=1)

    Location             Delay type                Incr(ns)  Path(ns)    Netlist Resource(s)
  -------------------------------------------------------------------    -------------------
    R10                                               0.000     0.000 r  operandA[0] (IN)
                         net (fo=0)                   0.000     0.000    operandA[0]
    R10                  IBUF (Prop_ibuf_I_O)         0.986     0.986 r  operandA_IBUF[0]_inst/O
                         net (fo=9, routed)           1.938     2.923    flags/operandA_IBUF[0]
    SLICE_X3Y63          LUT2 (Prop_lut2_I1_O)        0.124     3.047 r  flags/result_OBUF[3]_inst_i_8/O
                         net (fo=1, routed)           0.000     3.047    flags/result_OBUF[3]_inst_i_8_n_0
    SLICE_X3Y63          CARRY4 (Prop_carry4_S[0]_CO[3])
                                                      0.532     3.579 r  flags/result_OBUF[3]_inst_i_3/CO[3]
                         net (fo=1, routed)           0.000     3.579    flags/result_OBUF[3]_inst_i_3_n_0
    SLICE_X3Y64          CARRY4 (Prop_carry4_CI_O[2])
                                                      0.239     3.818 r  flags/result_OBUF[7]_inst_i_3/O[2]
                         net (fo=1, routed)           0.764     4.582    flags/result02_in[6]
    SLICE_X2Y65          LUT6 (Prop_lut6_I1_O)        0.302     4.884 r  flags/result_OBUF[6]_inst_i_1/O
                         net (fo=8, routed)           2.153     7.038    result_OBUF[6]
    P17                  OBUF (Prop_obuf_I_O)         2.636     9.674 r  result_OBUF[6]_inst/O
                         net (fo=0)                   0.000     9.674    result[6]
    P17                                                               r  result[6] (OUT)
  -------------------------------------------------------------------    -------------------

Slack:                    inf
  Source:                 operandA[0]
                            (input port)
  Destination:            result[1]
                            (output port)
  Path Group:             (none)
  Path Type:              Max at Slow Process Corner
  Data Path Delay:        9.397ns  (logic 4.484ns (47.718%)  route 4.913ns (52.282%))
  Logic Levels:           5  (CARRY4=1 IBUF=1 LUT2=1 LUT6=1 OBUF=1)

    Location             Delay type                Incr(ns)  Path(ns)    Netlist Resource(s)
  -------------------------------------------------------------------    -------------------
    R10                                               0.000     0.000 r  operandA[0] (IN)
                         net (fo=0)                   0.000     0.000    operandA[0]
    R10                  IBUF (Prop_ibuf_I_O)         0.986     0.986 r  operandA_IBUF[0]_inst/O
                         net (fo=9, routed)           1.938     2.923    flags/operandA_IBUF[0]
    SLICE_X3Y63          LUT2 (Prop_lut2_I1_O)        0.124     3.047 r  flags/result_OBUF[3]_inst_i_8/O
                         net (fo=1, routed)           0.000     3.047    flags/result_OBUF[3]_inst_i_8_n_0
    SLICE_X3Y63          CARRY4 (Prop_carry4_S[0]_O[1])
                                                      0.424     3.471 r  flags/result_OBUF[3]_inst_i_3/O[1]
                         net (fo=1, routed)           0.938     4.410    flags/result02_in[1]
    SLICE_X0Y63          LUT6 (Prop_lut6_I1_O)        0.303     4.713 r  flags/result_OBUF[1]_inst_i_1/O
                         net (fo=8, routed)           2.037     6.749    result_OBUF[1]
    T15                  OBUF (Prop_obuf_I_O)         2.647     9.397 r  result_OBUF[1]_inst/O
                         net (fo=0)                   0.000     9.397    result[1]
    T15                                                               r  result[1] (OUT)
  -------------------------------------------------------------------    -------------------

Slack:                    inf
  Source:                 operandA[0]
                            (input port)
  Destination:            result[3]
                            (output port)
  Path Group:             (none)
  Path Type:              Max at Slow Process Corner
  Data Path Delay:        9.070ns  (logic 4.650ns (51.262%)  route 4.421ns (48.738%))
  Logic Levels:           5  (CARRY4=1 IBUF=1 LUT2=1 LUT6=1 OBUF=1)

    Location             Delay type                Incr(ns)  Path(ns)    Netlist Resource(s)
  -------------------------------------------------------------------    -------------------
    R10                                               0.000     0.000 r  operandA[0] (IN)
                         net (fo=0)                   0.000     0.000    operandA[0]
    R10                  IBUF (Prop_ibuf_I_O)         0.986     0.986 r  operandA_IBUF[0]_inst/O
                         net (fo=9, routed)           1.966     2.951    flags/operandA_IBUF[0]
    SLICE_X2Y63          LUT2 (Prop_lut2_I0_O)        0.124     3.075 r  flags/result_OBUF[3]_inst_i_12/O
                         net (fo=1, routed)           0.000     3.075    flags/result_OBUF[3]_inst_i_12_n_0
    SLICE_X2Y63          CARRY4 (Prop_carry4_S[0]_O[3])
                                                      0.608     3.683 r  flags/result_OBUF[3]_inst_i_4/O[3]
                         net (fo=1, routed)           0.402     4.085    flags/result01_in[3]
    SLICE_X1Y63          LUT6 (Prop_lut6_I4_O)        0.307     4.392 r  flags/result_OBUF[3]_inst_i_1/O
                         net (fo=8, routed)           2.053     6.445    result_OBUF[3]
    R15                  OBUF (Prop_obuf_I_O)         2.625     9.070 r  result_OBUF[3]_inst/O
                         net (fo=0)                   0.000     9.070    result[3]
    R15                                                               r  result[3] (OUT)
  -------------------------------------------------------------------    -------------------





Min Delay Paths
--------------------------------------------------------------------------------------
Slack:                    inf
  Source:                 opCode[1]
                            (input port)
  Destination:            underflowFlag
                            (output port)
  Path Group:             (none)
  Path Type:              Min at Fast Process Corner
  Data Path Delay:        2.277ns  (logic 1.384ns (60.779%)  route 0.893ns (39.221%))
  Logic Levels:           3  (IBUF=1 LUT5=1 OBUF=1)

    Location             Delay type                Incr(ns)  Path(ns)    Netlist Resource(s)
  -------------------------------------------------------------------    -------------------
    V16                                               0.000     0.000 f  opCode[1] (IN)
                         net (fo=0)                   0.000     0.000    opCode[1]
    V16                  IBUF (Prop_ibuf_I_O)         0.207     0.207 f  opCode_IBUF[1]_inst/O
                         net (fo=18, routed)          0.367     0.574    flags/opCode_IBUF[1]
    SLICE_X0Y66          LUT5 (Prop_lut5_I3_O)        0.045     0.619 r  flags/underflowFlag_OBUF_inst_i_1/O
                         net (fo=1, routed)           0.526     1.144    underflowFlag_OBUF
    M17                  OBUF (Prop_obuf_I_O)         1.132     2.277 r  underflowFlag_OBUF_inst/O
                         net (fo=0)                   0.000     2.277    underflowFlag
    M17                                                               r  underflowFlag (OUT)
  -------------------------------------------------------------------    -------------------

Slack:                    inf
  Source:                 opCode[1]
                            (input port)
  Destination:            overflowFlag
                            (output port)
  Path Group:             (none)
  Path Type:              Min at Fast Process Corner
  Data Path Delay:        2.278ns  (logic 1.379ns (60.528%)  route 0.899ns (39.472%))
  Logic Levels:           3  (IBUF=1 LUT6=1 OBUF=1)

    Location             Delay type                Incr(ns)  Path(ns)    Netlist Resource(s)
  -------------------------------------------------------------------    -------------------
    V16                                               0.000     0.000 f  opCode[1] (IN)
                         net (fo=0)                   0.000     0.000    opCode[1]
    V16                  IBUF (Prop_ibuf_I_O)         0.207     0.207 f  opCode_IBUF[1]_inst/O
                         net (fo=18, routed)          0.368     0.575    flags/opCode_IBUF[1]
    SLICE_X0Y66          LUT6 (Prop_lut6_I0_O)        0.045     0.620 r  flags/overflowFlag_OBUF_inst_i_1/O
                         net (fo=1, routed)           0.531     1.151    overflowFlag_OBUF
    N15                  OBUF (Prop_obuf_I_O)         1.127     2.278 r  overflowFlag_OBUF_inst/O
                         net (fo=0)                   0.000     2.278    overflowFlag
    N15                                                               r  overflowFlag (OUT)
  -------------------------------------------------------------------    -------------------

Slack:                    inf
  Source:                 reset
                            (input port)
  Destination:            zeroFlag
                            (output port)
  Path Group:             (none)
  Path Type:              Min at Fast Process Corner
  Data Path Delay:        2.327ns  (logic 1.366ns (58.717%)  route 0.961ns (41.283%))
  Logic Levels:           3  (IBUF=1 LUT6=1 OBUF=1)

    Location             Delay type                Incr(ns)  Path(ns)    Netlist Resource(s)
  -------------------------------------------------------------------    -------------------
    T16                                               0.000     0.000 f  reset (IN)
                         net (fo=0)                   0.000     0.000    reset
    T16                  IBUF (Prop_ibuf_I_O)         0.190     0.190 f  reset_IBUF_inst/O
                         net (fo=3, routed)           0.421     0.611    reset_IBUF
    SLICE_X0Y69          LUT6 (Prop_lut6_I5_O)        0.045     0.656 r  zeroFlag_OBUF_inst_i_1/O
                         net (fo=1, routed)           0.540     1.196    zeroFlag_OBUF
    M16                  OBUF (Prop_obuf_I_O)         1.131     2.327 r  zeroFlag_OBUF_inst/O
                         net (fo=0)                   0.000     2.327    zeroFlag
    M16                                                               r  zeroFlag (OUT)
  -------------------------------------------------------------------    -------------------

Slack:                    inf
  Source:                 operandB[0]
                            (input port)
  Destination:            result[0]
                            (output port)
  Path Group:             (none)
  Path Type:              Min at Fast Process Corner
  Data Path Delay:        2.393ns  (logic 1.474ns (61.596%)  route 0.919ns (38.404%))
  Logic Levels:           4  (IBUF=1 LUT4=1 LUT6=1 OBUF=1)

    Location             Delay type                Incr(ns)  Path(ns)    Netlist Resource(s)
  -------------------------------------------------------------------    -------------------
    V10                                               0.000     0.000 r  operandB[0] (IN)
                         net (fo=0)                   0.000     0.000    operandB[0]
    V10                  IBUF (Prop_ibuf_I_O)         0.238     0.238 r  operandB_IBUF[0]_inst/O
                         net (fo=5, routed)           0.434     0.671    flags/operandB_IBUF[0]
    SLICE_X0Y63          LUT4 (Prop_lut4_I3_O)        0.045     0.716 r  flags/result_OBUF[0]_inst_i_2/O
                         net (fo=1, routed)           0.059     0.775    flags/result_OBUF[0]_inst_i_2_n_0
    SLICE_X0Y63          LUT6 (Prop_lut6_I0_O)        0.045     0.820 r  flags/result_OBUF[0]_inst_i_1/O
                         net (fo=8, routed)           0.427     1.247    result_OBUF[0]
    R16                  OBUF (Prop_obuf_I_O)         1.147     2.393 r  result_OBUF[0]_inst/O
                         net (fo=0)                   0.000     2.393    result[0]
    R16                                                               r  result[0] (OUT)
  -------------------------------------------------------------------    -------------------

Slack:                    inf
  Source:                 opCode[1]
                            (input port)
  Destination:            result[7]
                            (output port)
  Path Group:             (none)
  Path Type:              Min at Fast Process Corner
  Data Path Delay:        2.479ns  (logic 1.385ns (55.885%)  route 1.093ns (44.115%))
  Logic Levels:           3  (IBUF=1 LUT6=1 OBUF=1)

    Location             Delay type                Incr(ns)  Path(ns)    Netlist Resource(s)
  -------------------------------------------------------------------    -------------------
    V16                                               0.000     0.000 f  opCode[1] (IN)
                         net (fo=0)                   0.000     0.000    opCode[1]
    V16                  IBUF (Prop_ibuf_I_O)         0.207     0.207 f  opCode_IBUF[1]_inst/O
                         net (fo=18, routed)          0.445     0.651    flags/opCode_IBUF[1]
    SLICE_X2Y65          LUT6 (Prop_lut6_I3_O)        0.045     0.696 r  flags/result_OBUF[7]_inst_i_1/O
                         net (fo=8, routed)           0.649     1.345    result_OBUF[7]
    N16                  OBUF (Prop_obuf_I_O)         1.134     2.479 r  result_OBUF[7]_inst/O
                         net (fo=0)                   0.000     2.479    result[7]
    N16                                                               r  result[7] (OUT)
  -------------------------------------------------------------------    -------------------

Slack:                    inf
  Source:                 opCode[0]
                            (input port)
  Destination:            result[1]
                            (output port)
  Path Group:             (none)
  Path Type:              Min at Fast Process Corner
  Data Path Delay:        2.491ns  (logic 1.423ns (57.121%)  route 1.068ns (42.879%))
  Logic Levels:           3  (IBUF=1 LUT6=1 OBUF=1)

    Location             Delay type                Incr(ns)  Path(ns)    Netlist Resource(s)
  -------------------------------------------------------------------    -------------------
    U17                                               0.000     0.000 r  opCode[0] (IN)
                         net (fo=0)                   0.000     0.000    opCode[0]
    U17                  IBUF (Prop_ibuf_I_O)         0.214     0.214 r  opCode_IBUF[0]_inst/O
                         net (fo=18, routed)          0.579     0.793    flags/opCode_IBUF[0]
    SLICE_X0Y63          LUT6 (Prop_lut6_I2_O)        0.045     0.838 r  flags/result_OBUF[1]_inst_i_1/O
                         net (fo=8, routed)           0.489     1.327    result_OBUF[1]
    T15                  OBUF (Prop_obuf_I_O)         1.164     2.491 r  result_OBUF[1]_inst/O
                         net (fo=0)                   0.000     2.491    result[1]
    T15                                                               r  result[1] (OUT)
  -------------------------------------------------------------------    -------------------

Slack:                    inf
  Source:                 operandB[4]
                            (input port)
  Destination:            result[4]
                            (output port)
  Path Group:             (none)
  Path Type:              Min at Fast Process Corner
  Data Path Delay:        2.552ns  (logic 1.453ns (56.932%)  route 1.099ns (43.068%))
  Logic Levels:           4  (IBUF=1 LUT4=1 LUT6=1 OBUF=1)

    Location             Delay type                Incr(ns)  Path(ns)    Netlist Resource(s)
  -------------------------------------------------------------------    -------------------
    T11                                               0.000     0.000 r  operandB[4] (IN)
                         net (fo=0)                   0.000     0.000    operandB[4]
    T11                  IBUF (Prop_ibuf_I_O)         0.219     0.219 r  operandB_IBUF[4]_inst/O
                         net (fo=5, routed)           0.427     0.647    flags/operandB_IBUF[4]
    SLICE_X1Y64          LUT4 (Prop_lut4_I3_O)        0.045     0.692 r  flags/result_OBUF[4]_inst_i_2/O
                         net (fo=1, routed)           0.051     0.743    flags/result_OBUF[4]_inst_i_2_n_0
    SLICE_X1Y64          LUT6 (Prop_lut6_I0_O)        0.045     0.788 r  flags/result_OBUF[4]_inst_i_1/O
                         net (fo=8, routed)           0.621     1.409    result_OBUF[4]
    P15                  OBUF (Prop_obuf_I_O)         1.143     2.552 r  result_OBUF[4]_inst/O
                         net (fo=0)                   0.000     2.552    result[4]
    P15                                                               r  result[4] (OUT)
  -------------------------------------------------------------------    -------------------

Slack:                    inf
  Source:                 opCode[0]
                            (input port)
  Destination:            result[6]
                            (output port)
  Path Group:             (none)
  Path Type:              Min at Fast Process Corner
  Data Path Delay:        2.558ns  (logic 1.411ns (55.173%)  route 1.147ns (44.827%))
  Logic Levels:           3  (IBUF=1 LUT6=1 OBUF=1)

    Location             Delay type                Incr(ns)  Path(ns)    Netlist Resource(s)
  -------------------------------------------------------------------    -------------------
    U17                                               0.000     0.000 r  opCode[0] (IN)
                         net (fo=0)                   0.000     0.000    opCode[0]
    U17                  IBUF (Prop_ibuf_I_O)         0.214     0.214 r  opCode_IBUF[0]_inst/O
                         net (fo=18, routed)          0.568     0.782    flags/opCode_IBUF[0]
    SLICE_X2Y65          LUT6 (Prop_lut6_I2_O)        0.045     0.827 r  flags/result_OBUF[6]_inst_i_1/O
                         net (fo=8, routed)           0.578     1.406    result_OBUF[6]
    P17                  OBUF (Prop_obuf_I_O)         1.152     2.558 r  result_OBUF[6]_inst/O
                         net (fo=0)                   0.000     2.558    result[6]
    P17                                                               r  result[6] (OUT)
  -------------------------------------------------------------------    -------------------

Slack:                    inf
  Source:                 opCode[0]
                            (input port)
  Destination:            result[3]
                            (output port)
  Path Group:             (none)
  Path Type:              Min at Fast Process Corner
  Data Path Delay:        2.569ns  (logic 1.401ns (54.512%)  route 1.169ns (45.488%))
  Logic Levels:           3  (IBUF=1 LUT6=1 OBUF=1)

    Location             Delay type                Incr(ns)  Path(ns)    Netlist Resource(s)
  -------------------------------------------------------------------    -------------------
    U17                                               0.000     0.000 r  opCode[0] (IN)
                         net (fo=0)                   0.000     0.000    opCode[0]
    U17                  IBUF (Prop_ibuf_I_O)         0.214     0.214 r  opCode_IBUF[0]_inst/O
                         net (fo=18, routed)          0.640     0.854    flags/opCode_IBUF[0]
    SLICE_X1Y63          LUT6 (Prop_lut6_I2_O)        0.045     0.899 r  flags/result_OBUF[3]_inst_i_1/O
                         net (fo=8, routed)           0.529     1.428    result_OBUF[3]
    R15                  OBUF (Prop_obuf_I_O)         1.142     2.569 r  result_OBUF[3]_inst/O
                         net (fo=0)                   0.000     2.569    result[3]
    R15                                                               r  result[3] (OUT)
  -------------------------------------------------------------------    -------------------

Slack:                    inf
  Source:                 opCode[0]
                            (input port)
  Destination:            result[5]
                            (output port)
  Path Group:             (none)
  Path Type:              Min at Fast Process Corner
  Data Path Delay:        2.640ns  (logic 1.416ns (53.625%)  route 1.224ns (46.375%))
  Logic Levels:           3  (IBUF=1 LUT6=1 OBUF=1)

    Location             Delay type                Incr(ns)  Path(ns)    Netlist Resource(s)
  -------------------------------------------------------------------    -------------------
    U17                                               0.000     0.000 r  opCode[0] (IN)
                         net (fo=0)                   0.000     0.000    opCode[0]
    U17                  IBUF (Prop_ibuf_I_O)         0.214     0.214 r  opCode_IBUF[0]_inst/O
                         net (fo=18, routed)          0.485     0.698    flags/opCode_IBUF[0]
    SLICE_X1Y64          LUT6 (Prop_lut6_I2_O)        0.045     0.743 r  flags/result_OBUF[5]_inst_i_1/O
                         net (fo=8, routed)           0.740     1.483    result_OBUF[5]
    R17                  OBUF (Prop_obuf_I_O)         1.157     2.640 r  result_OBUF[5]_inst/O
                         net (fo=0)                   0.000     2.640    result[5]
    R17                                                               r  result[5] (OUT)
  -------------------------------------------------------------------    -------------------





