Copyright 1986-2022 Xilinx, Inc. All Rights Reserved. Copyright 2022-2025 Advanced Micro Devices, Inc. All Rights Reserved.
---------------------------------------------------------------------------------------------------------------------------------------------
| Tool Version : Vivado v.2025.2 (win64) Build 6299465 Fri Nov 14 19:35:11 GMT 2025
| Date         : Mon Sep  7 16:43:03 2026
| Host         : Shinobi running 64-bit major release  (build 9200)
| Command      : report_control_sets -verbose -file novaSumDemoTop_control_sets_placed.rpt
| Design       : novaSumDemoTop
| Device       : xc7a100t
---------------------------------------------------------------------------------------------------------------------------------------------

Control Set Information

Table of Contents
-----------------
1. Summary
2. Histogram
3. Flip-Flop Distribution
4. Detailed Control Set Information

1. Summary
----------

+----------------------------------------------------------+-------+
|                          Status                          | Count |
+----------------------------------------------------------+-------+
| Total control sets                                       |    18 |
|    Minimum number of control sets                        |    18 |
|    Addition due to synthesis replication                 |     0 |
|    Addition due to physical synthesis replication        |     0 |
| Unused register locations in slices containing registers |    30 |
+----------------------------------------------------------+-------+
* Control sets can be merged at opt_design using control_set_merge or merge_equivalent_drivers
** Run report_qor_suggestions for automated merging and remapping suggestions


2. Histogram
------------

+--------------------+-------+
|       Fanout       | Count |
+--------------------+-------+
| Total control sets |    18 |
| >= 0 to < 4        |     2 |
| >= 4 to < 6        |     1 |
| >= 6 to < 8        |     0 |
| >= 8 to < 10       |     9 |
| >= 10 to < 12      |     1 |
| >= 12 to < 14      |     0 |
| >= 14 to < 16      |     1 |
| >= 16              |     4 |
+--------------------+-------+
* Control sets can be remapped at either synth_design or opt_design


3. Flip-Flop Distribution
-------------------------

+--------------+-----------------------+------------------------+-----------------+--------------+
| Clock Enable | Synchronous Set/Reset | Asynchronous Set/Reset | Total Registers | Total Slices |
+--------------+-----------------------+------------------------+-----------------+--------------+
| No           | No                    | No                     |               1 |            1 |
| No           | No                    | Yes                    |               2 |            1 |
| No           | Yes                   | No                     |              77 |           24 |
| Yes          | No                    | No                     |               0 |            0 |
| Yes          | No                    | Yes                    |               0 |            0 |
| Yes          | Yes                   | No                     |              98 |           41 |
+--------------+-----------------------+------------------------+-----------------+--------------+


4. Detailed Control Set Information
-----------------------------------

+---------------------------+---------------------------------------------------------------------+------------------------------------------------------+------------------+----------------+--------------+
|        Clock Signal       |                            Enable Signal                            |                   Set/Reset Signal                   | Slice Load Count | Bel Load Count | Bels / Slice |
+---------------------------+---------------------------------------------------------------------+------------------------------------------------------+------------------+----------------+--------------+
|  CLK100MHZ_IBUF_BUFG      |                                                                     |                                                      |                1 |              1 |         1.00 |
|  CLK100MHZ_IBUF_BUFG      |                                                                     | boardInterface/resetSyncStage1_i_1_n_0               |                1 |              2 |         2.00 |
|  boardInterface/coreClock |                                                                     | boardInterface/resetSyncStage2                       |                4 |              5 |         1.25 |
|  boardInterface/coreClock | boardInterface/processor/controlUnit/E[0]                           | boardInterface/resetSyncStage2                       |                4 |              8 |         2.00 |
|  boardInterface/coreClock | boardInterface/processor/instructionReg/instructionOut_reg[10]_3[0] | boardInterface/resetSyncStage2                       |                5 |              8 |         1.60 |
|  boardInterface/coreClock | boardInterface/processor/instructionReg/instructionOut_reg[11]_2[0] | boardInterface/resetSyncStage2                       |                3 |              8 |         2.67 |
|  boardInterface/coreClock | boardInterface/processor/instructionReg/instructionOut_reg[11]_0[0] | boardInterface/resetSyncStage2                       |                4 |              8 |         2.00 |
|  boardInterface/coreClock | boardInterface/processor/instructionReg/instructionOut_reg[10]_0[0] | boardInterface/resetSyncStage2                       |                4 |              8 |         2.00 |
|  boardInterface/coreClock | boardInterface/processor/instructionReg/instructionOut_reg[10]_1[0] | boardInterface/resetSyncStage2                       |                2 |              8 |         4.00 |
|  boardInterface/coreClock | boardInterface/processor/instructionReg/instructionOut_reg[10]_2[0] | boardInterface/resetSyncStage2                       |                3 |              8 |         2.67 |
|  boardInterface/coreClock | boardInterface/processor/instructionReg/instructionOut_reg[11]_3[0] | boardInterface/resetSyncStage2                       |                4 |              8 |         2.00 |
|  boardInterface/coreClock | boardInterface/processor/instructionReg/instructionOut_reg[11]_1[0] | boardInterface/resetSyncStage2                       |                3 |              8 |         2.67 |
|  boardInterface/coreClock | boardInterface/processor/instructionReg/E[0]                        | boardInterface/resetSyncStage2                       |                6 |             11 |         1.83 |
|  boardInterface/coreClock | boardInterface/processor/controlUnit/Q[0]                           | boardInterface/resetSyncStage2                       |                3 |             15 |         5.00 |
|  CLK100MHZ_IBUF_BUFG      |                                                                     | boardInterface/stepButton/debounceCounter[0]_i_1_n_0 |                5 |             20 |         4.00 |
|  CLK100MHZ_IBUF_BUFG      |                                                                     | boardInterface/automaticCounter[0]_i_1_n_0           |                6 |             24 |         4.00 |
|  CLK100MHZ_IBUF_BUFG      |                                                                     | boardInterface/resetSyncStage2                       |                9 |             28 |         3.11 |
|  boardInterface/coreClock | boardInterface/processor/instructionReg/dataMemoryWriteEnable       |                                                      |                8 |             32 |         4.00 |
+---------------------------+---------------------------------------------------------------------+------------------------------------------------------+------------------+----------------+--------------+


