Copyright 1986-2022 Xilinx, Inc. All Rights Reserved. Copyright 2022-2025 Advanced Micro Devices, Inc. All Rights Reserved.
---------------------------------------------------------------------------------------------------------------------------------------------------------------------------------------------------------------------
| Tool Version : Vivado v.2025.2 (win64) Build 6299465 Fri Nov 14 19:35:11 GMT 2025
| Date         : Sun Jul  5 19:13:10 2026
| Host         : Shinobi running 64-bit major release  (build 9200)
| Command      : report_timing_summary -max_paths 10 -routable_nets -report_unconstrained -file alu_timing_summary_routed.rpt -pb alu_timing_summary_routed.pb -rpx alu_timing_summary_routed.rpx -warn_on_violation
| Design       : alu
| Device       : 7a100t-csg324
| Speed File   : -1  PRODUCTION 1.23 2018-06-13
| Design State : Routed
---------------------------------------------------------------------------------------------------------------------------------------------------------------------------------------------------------------------

Timing Summary Report

------------------------------------------------------------------------------------------------
| Timer Settings
| --------------
------------------------------------------------------------------------------------------------

  Enable Multi Corner Analysis               :  Yes
  Enable Pessimism Removal                   :  Yes
  Pessimism Removal Resolution               :  Nearest Common Node
  Enable Input Delay Default Clock           :  No
  Enable Preset / Clear Arcs                 :  No
  Disable Flight Delays                      :  No
  Ignore I/O Paths                           :  No
  Timing Early Launch at Borrowing Latches   :  No
  Borrow Time for Max Delay Exceptions       :  Yes
  Merge Timing Exceptions                    :  Yes
  Inter-SLR Compensation                     :  Conservative

  Corner  Analyze    Analyze    
  Name    Max Paths  Min Paths  
  ------  ---------  ---------  
  Slow    Yes        Yes        
  Fast    Yes        Yes        


------------------------------------------------------------------------------------------------
| Report Methodology
| ------------------
------------------------------------------------------------------------------------------------

Rule       Severity  Description                     Violations  
---------  --------  ------------------------------  ----------  
TIMING-20  Warning   Non-clocked latch               1           
LATCH-1    Advisory  Existing latches in the design  1           

Note: This report is based on the most recent report_methodology run and may not be up-to-date. Run report_methodology on the current design for the latest report.



check_timing report

Table of Contents
-----------------
1. checking no_clock (3)
2. checking constant_clock (0)
3. checking pulse_width_clock (0)
4. checking unconstrained_internal_endpoints (1)
5. checking no_input_delay (16)
6. checking no_output_delay (1)
7. checking multiple_clock (0)
8. checking generated_clocks (0)
9. checking loops (0)
10. checking partial_input_delay (0)
11. checking partial_output_delay (0)
12. checking latch_loops (0)

1. checking no_clock (3)
------------------------
 There is 1 register/latch pin with no clock driven by root clock pin: opCode[0] (HIGH)

 There is 1 register/latch pin with no clock driven by root clock pin: opCode[1] (HIGH)

 There is 1 register/latch pin with no clock driven by root clock pin: opCode[2] (HIGH)


2. checking constant_clock (0)
------------------------------
 There are 0 register/latch pins with constant_clock.


3. checking pulse_width_clock (0)
---------------------------------
 There are 0 register/latch pins which need pulse_width check


4. checking unconstrained_internal_endpoints (1)
------------------------------------------------
 There is 1 pin that is not constrained for maximum delay. (HIGH)

 There are 0 pins that are not constrained for maximum delay due to constant clock.


5. checking no_input_delay (16)
-------------------------------
 There are 16 input ports with no input delay specified. (HIGH)

 There are 0 input ports with no input delay but user has a false path constraint.


6. checking no_output_delay (1)
-------------------------------
 There is 1 port with no output delay specified. (HIGH)

 There are 0 ports with no output delay but user has a false path constraint

 There are 0 ports with no output delay but with a timing clock defined on it or propagating through it


7. checking multiple_clock (0)
------------------------------
 There are 0 register/latch pins with multiple clocks.


8. checking generated_clocks (0)
--------------------------------
 There are 0 generated clocks that are not connected to a clock source.


9. checking loops (0)
---------------------
 There are 0 combinational loops in the design.


10. checking partial_input_delay (0)
------------------------------------
 There are 0 input ports with partial input delay specified.


11. checking partial_output_delay (0)
-------------------------------------
 There are 0 ports with partial output delay specified.


12. checking latch_loops (0)
----------------------------
 There are 0 combinational latch loops in the design through latch input



------------------------------------------------------------------------------------------------
| Design Timing Summary
| ---------------------
------------------------------------------------------------------------------------------------

    WNS(ns)      TNS(ns)  TNS Failing Endpoints  TNS Total Endpoints      WHS(ns)      THS(ns)  THS Failing Endpoints  THS Total Endpoints     WPWS(ns)     TPWS(ns)  TPWS Failing Endpoints  TPWS Total Endpoints  
    -------      -------  ---------------------  -------------------      -------      -------  ---------------------  -------------------     --------     --------  ----------------------  --------------------  
        inf        0.000                      0                    2          inf        0.000                      0                    2           NA           NA                      NA                    NA  


There are no user specified timing constraints.


------------------------------------------------------------------------------------------------
| Clock Summary
| -------------
------------------------------------------------------------------------------------------------


------------------------------------------------------------------------------------------------
| Intra Clock Table
| -----------------
------------------------------------------------------------------------------------------------

Clock             WNS(ns)      TNS(ns)  TNS Failing Endpoints  TNS Total Endpoints      WHS(ns)      THS(ns)  THS Failing Endpoints  THS Total Endpoints     WPWS(ns)     TPWS(ns)  TPWS Failing Endpoints  TPWS Total Endpoints  
-----             -------      -------  ---------------------  -------------------      -------      -------  ---------------------  -------------------     --------     --------  ----------------------  --------------------  


------------------------------------------------------------------------------------------------
| Inter Clock Table
| -----------------
------------------------------------------------------------------------------------------------

From Clock    To Clock          WNS(ns)      TNS(ns)  TNS Failing Endpoints  TNS Total Endpoints      WHS(ns)      THS(ns)  THS Failing Endpoints  THS Total Endpoints  
----------    --------          -------      -------  ---------------------  -------------------      -------      -------  ---------------------  -------------------  


------------------------------------------------------------------------------------------------
| Other Path Groups Table
| -----------------------
------------------------------------------------------------------------------------------------

Path Group    From Clock    To Clock          WNS(ns)      TNS(ns)  TNS Failing Endpoints  TNS Total Endpoints      WHS(ns)      THS(ns)  THS Failing Endpoints  THS Total Endpoints  
----------    ----------    --------          -------      -------  ---------------------  -------------------      -------      -------  ---------------------  -------------------  


------------------------------------------------------------------------------------------------
| User Ignored Path Table
| -----------------------
------------------------------------------------------------------------------------------------

Path Group    From Clock    To Clock    
----------    ----------    --------    


------------------------------------------------------------------------------------------------
| Unconstrained Path Table
| ------------------------
------------------------------------------------------------------------------------------------

Path Group    From Clock    To Clock    
----------    ----------    --------    
(none)                                    


------------------------------------------------------------------------------------------------
| Timing Details
| --------------
------------------------------------------------------------------------------------------------


--------------------------------------------------------------------------------------
Path Group:  (none)
From Clock:  
  To Clock:  

Max Delay             2 Endpoints
Min Delay             2 Endpoints
--------------------------------------------------------------------------------------


Max Delay Paths
--------------------------------------------------------------------------------------
Slack:                    inf
  Source:                 flags/overflowFlag_reg/G
                            (positive level-sensitive latch)
  Destination:            overflowFlag
                            (output port)
  Path Group:             (none)
  Path Type:              Max at Slow Process Corner
  Data Path Delay:        5.122ns  (logic 3.176ns (62.000%)  route 1.946ns (38.000%))
  Logic Levels:           2  (LDCE=1 OBUF=1)

    Location             Delay type                Incr(ns)  Path(ns)    Netlist Resource(s)
  -------------------------------------------------------------------    -------------------
    SLICE_X0Y67          LDCE                         0.000     0.000 r  flags/overflowFlag_reg/G
    SLICE_X0Y67          LDCE (EnToQ_ldce_G_Q)        0.559     0.559 r  flags/overflowFlag_reg/Q
                         net (fo=1, routed)           1.946     2.505    overflowFlag_OBUF
    N16                  OBUF (Prop_obuf_I_O)         2.617     5.122 r  overflowFlag_OBUF_inst/O
                         net (fo=0)                   0.000     5.122    overflowFlag
    N16                                                               r  overflowFlag (OUT)
  -------------------------------------------------------------------    -------------------

Slack:                    inf
  Source:                 operandB[7]
                            (input port)
  Destination:            flags/overflowFlag_reg/D
  Path Group:             (none)
  Path Type:              Max at Slow Process Corner
  Data Path Delay:        4.854ns  (logic 1.227ns (25.279%)  route 3.627ns (74.721%))
  Logic Levels:           3  (IBUF=1 LUT6=2)

    Location             Delay type                Incr(ns)  Path(ns)    Netlist Resource(s)
  -------------------------------------------------------------------    -------------------
    U18                                               0.000     0.000 r  operandB[7] (IN)
                         net (fo=0)                   0.000     0.000    operandB[7]
    U18                  IBUF (Prop_ibuf_I_O)         0.979     0.979 r  operandB_IBUF[7]_inst/O
                         net (fo=1, routed)           1.564     2.543    flags/operandB_IBUF[7]
    SLICE_X0Y62          LUT6 (Prop_lut6_I1_O)        0.124     2.667 r  flags/overflowFlag_reg_i_2/O
                         net (fo=1, routed)           1.145     3.812    flags/overflowFlag_reg_i_2_n_0
    SLICE_X0Y53          LUT6 (Prop_lut6_I4_O)        0.124     3.936 r  flags/overflowFlag_reg_i_1/O
                         net (fo=1, routed)           0.918     4.854    flags/overflowFlag_reg_i_1_n_0
    SLICE_X0Y67          LDCE                                         r  flags/overflowFlag_reg/D
  -------------------------------------------------------------------    -------------------





Min Delay Paths
--------------------------------------------------------------------------------------
Slack:                    inf
  Source:                 operandA[3]
                            (input port)
  Destination:            flags/overflowFlag_reg/D
  Path Group:             (none)
  Path Type:              Min at Fast Process Corner
  Data Path Delay:        0.939ns  (logic 0.257ns (27.397%)  route 0.682ns (72.603%))
  Logic Levels:           2  (IBUF=1 LUT6=1)

    Location             Delay type                Incr(ns)  Path(ns)    Netlist Resource(s)
  -------------------------------------------------------------------    -------------------
    U13                                               0.000     0.000 r  operandA[3] (IN)
                         net (fo=0)                   0.000     0.000    operandA[3]
    U13                  IBUF (Prop_ibuf_I_O)         0.212     0.212 r  operandA_IBUF[3]_inst/O
                         net (fo=1, routed)           0.335     0.547    flags/operandA_IBUF[3]
    SLICE_X0Y53          LUT6 (Prop_lut6_I1_O)        0.045     0.592 r  flags/overflowFlag_reg_i_1/O
                         net (fo=1, routed)           0.347     0.939    flags/overflowFlag_reg_i_1_n_0
    SLICE_X0Y67          LDCE                                         r  flags/overflowFlag_reg/D
  -------------------------------------------------------------------    -------------------

Slack:                    inf
  Source:                 flags/overflowFlag_reg/G
                            (positive level-sensitive latch)
  Destination:            overflowFlag
                            (output port)
  Path Group:             (none)
  Path Type:              Min at Fast Process Corner
  Data Path Delay:        1.767ns  (logic 1.292ns (73.096%)  route 0.475ns (26.904%))
  Logic Levels:           2  (LDCE=1 OBUF=1)

    Location             Delay type                Incr(ns)  Path(ns)    Netlist Resource(s)
  -------------------------------------------------------------------    -------------------
    SLICE_X0Y67          LDCE                         0.000     0.000 r  flags/overflowFlag_reg/G
    SLICE_X0Y67          LDCE (EnToQ_ldce_G_Q)        0.158     0.158 r  flags/overflowFlag_reg/Q
                         net (fo=1, routed)           0.475     0.633    overflowFlag_OBUF
    N16                  OBUF (Prop_obuf_I_O)         1.134     1.767 r  overflowFlag_OBUF_inst/O
                         net (fo=0)                   0.000     1.767    overflowFlag
    N16                                                               r  overflowFlag (OUT)
  -------------------------------------------------------------------    -------------------





