
*** Running vivado
    with args -log novaNexysA7.vds -m64 -product Vivado -mode batch -messageDb vivado.pb -notrace -source novaNexysA7.tcl



****** Vivado v2025.2 (64-bit)
  **** SW Build 6299465 on Fri Nov 14 19:35:11 GMT 2025
  **** IP Build 6300035 on Fri Nov 14 10:48:45 MST 2025
  **** SharedData Build 6298862 on Thu Nov 13 04:50:51 MST 2025
  **** Start of session at: Mon Sep  7 11:34:38 2026
    ** Copyright 1986-2022 Xilinx, Inc. All Rights Reserved.
    ** Copyright 2022-2025 Advanced Micro Devices, Inc. All Rights Reserved.

source novaNexysA7.tcl -notrace
create_project: Time (s): cpu = 00:00:09 ; elapsed = 00:00:08 . Memory (MB): peak = 607.137 ; gain = 219.566
Command: read_checkpoint -auto_incremental -incremental {C:/Users/narno/Desktop/Programing/Personal Project/NOVA_FPGA_CPU/NOVA/NOVA.srcs/utils_1/imports/synth_1/alu.dcp}
INFO: [Vivado 12-5825] Read reference checkpoint from C:/Users/narno/Desktop/Programing/Personal Project/NOVA_FPGA_CPU/NOVA/NOVA.srcs/utils_1/imports/synth_1/alu.dcp for incremental synthesis
INFO: [Vivado 12-7989] Please ensure there are no constraint changes
Command: synth_design -top novaNexysA7 -part xc7a100tcsg324-1
Starting synth_design
Attempting to get a license for feature 'Synthesis' and/or device 'xc7a100t'
INFO: [Common 17-349] Got license for feature 'Synthesis' and/or device 'xc7a100t'
INFO: [Device 21-403] Loading part xc7a100tcsg324-1
INFO: [Designutils 20-5440] No compile time benefit to using incremental synthesis; A full resynthesis will be run
INFO: [Designutils 20-4379] Flow is switching to default flow due to incremental criteria not met. If you would like to alter this behaviour and have the flow terminate instead, please set the following parameter config_implementation {autoIncr.Synth.RejectBehavior Terminate}
INFO: [Synth 8-7079] Multithreading enabled for synth_design using a maximum of 2 processes.
INFO: [Synth 8-7078] Launching helper process for spawning children vivado processes
INFO: [Synth 8-7075] Helper process launched with PID 25164
---------------------------------------------------------------------------------
Starting RTL Elaboration : Time (s): cpu = 00:00:07 ; elapsed = 00:00:07 . Memory (MB): peak = 1365.355 ; gain = 542.562
---------------------------------------------------------------------------------
INFO: [Synth 8-6157] synthesizing module 'novaNexysA7' [C:/Users/narno/Desktop/Programing/Personal Project/NOVA_FPGA_CPU/Design Sources/BOARD/novaNexysA7.v:15]
INFO: [Synth 8-6157] synthesizing module 'BUFGCE' [C:/AMDDesignTools/2025.2/Vivado/scripts/rt/data/unisim_comp.v:2688]
INFO: [Synth 8-6155] done synthesizing module 'BUFGCE' (0#1) [C:/AMDDesignTools/2025.2/Vivado/scripts/rt/data/unisim_comp.v:2688]
INFO: [Synth 8-6157] synthesizing module 'buttonConditioner' [C:/Users/narno/Desktop/Programing/Personal Project/NOVA_FPGA_CPU/Design Sources/BOARD/buttonConditioner.v:13]
	Parameter COUNTER_WIDTH bound to: 20 - type: integer 
INFO: [Synth 8-6155] done synthesizing module 'buttonConditioner' (0#1) [C:/Users/narno/Desktop/Programing/Personal Project/NOVA_FPGA_CPU/Design Sources/BOARD/buttonConditioner.v:13]
INFO: [Synth 8-6157] synthesizing module 'cpuCore' [C:/Users/narno/Desktop/Programing/Personal Project/NOVA_FPGA_CPU/Design Sources/CU/cpuCore.v:14]
INFO: [Synth 8-226] default block is never used [C:/Users/narno/Desktop/Programing/Personal Project/NOVA_FPGA_CPU/Design Sources/CU/cpuCore.v:92]
INFO: [Synth 8-6157] synthesizing module 'cu' [C:/Users/narno/Desktop/Programing/Personal Project/NOVA_FPGA_CPU/Design Sources/CU/cu.v:14]
INFO: [Synth 8-6155] done synthesizing module 'cu' (0#1) [C:/Users/narno/Desktop/Programing/Personal Project/NOVA_FPGA_CPU/Design Sources/CU/cu.v:14]
INFO: [Synth 8-6157] synthesizing module 'programCounter' [C:/Users/narno/Desktop/Programing/Personal Project/NOVA_FPGA_CPU/Design Sources/MEMORY/programCounter.v:14]
INFO: [Synth 8-6155] done synthesizing module 'programCounter' (0#1) [C:/Users/narno/Desktop/Programing/Personal Project/NOVA_FPGA_CPU/Design Sources/MEMORY/programCounter.v:14]
INFO: [Synth 8-6157] synthesizing module 'instructionMemory' [C:/Users/narno/Desktop/Programing/Personal Project/NOVA_FPGA_CPU/Design Sources/MEMORY/instructionMemory.v:19]
INFO: [Synth 8-6155] done synthesizing module 'instructionMemory' (0#1) [C:/Users/narno/Desktop/Programing/Personal Project/NOVA_FPGA_CPU/Design Sources/MEMORY/instructionMemory.v:19]
INFO: [Synth 8-6157] synthesizing module 'instructionRegister' [C:/Users/narno/Desktop/Programing/Personal Project/NOVA_FPGA_CPU/Design Sources/MEMORY/instructionRegister.v:13]
INFO: [Synth 8-6155] done synthesizing module 'instructionRegister' (0#1) [C:/Users/narno/Desktop/Programing/Personal Project/NOVA_FPGA_CPU/Design Sources/MEMORY/instructionRegister.v:13]
INFO: [Synth 8-6157] synthesizing module 'registers' [C:/Users/narno/Desktop/Programing/Personal Project/NOVA_FPGA_CPU/Design Sources/MEMORY/registers.v:23]
INFO: [Synth 8-6155] done synthesizing module 'registers' (0#1) [C:/Users/narno/Desktop/Programing/Personal Project/NOVA_FPGA_CPU/Design Sources/MEMORY/registers.v:23]
INFO: [Synth 8-6157] synthesizing module 'alu' [C:/Users/narno/Desktop/Programing/Personal Project/NOVA_FPGA_CPU/Design Sources/ALU/alu.v:4]
INFO: [Synth 8-226] default block is never used [C:/Users/narno/Desktop/Programing/Personal Project/NOVA_FPGA_CPU/Design Sources/ALU/alu.v:17]
INFO: [Synth 8-6157] synthesizing module 'arithmeticFlags' [C:/Users/narno/Desktop/Programing/Personal Project/NOVA_FPGA_CPU/Design Sources/ALU/arithmeticFlags.v:4]
INFO: [Synth 8-6155] done synthesizing module 'arithmeticFlags' (0#1) [C:/Users/narno/Desktop/Programing/Personal Project/NOVA_FPGA_CPU/Design Sources/ALU/arithmeticFlags.v:4]
INFO: [Synth 8-6155] done synthesizing module 'alu' (0#1) [C:/Users/narno/Desktop/Programing/Personal Project/NOVA_FPGA_CPU/Design Sources/ALU/alu.v:4]
INFO: [Synth 8-6157] synthesizing module 'statusRegister' [C:/Users/narno/Desktop/Programing/Personal Project/NOVA_FPGA_CPU/Design Sources/MEMORY/statusRegister.v:13]
INFO: [Synth 8-6155] done synthesizing module 'statusRegister' (0#1) [C:/Users/narno/Desktop/Programing/Personal Project/NOVA_FPGA_CPU/Design Sources/MEMORY/statusRegister.v:13]
INFO: [Synth 8-6157] synthesizing module 'dataMemory' [C:/Users/narno/Desktop/Programing/Personal Project/NOVA_FPGA_CPU/Design Sources/MEMORY/dataMemory.v:13]
INFO: [Synth 8-6155] done synthesizing module 'dataMemory' (0#1) [C:/Users/narno/Desktop/Programing/Personal Project/NOVA_FPGA_CPU/Design Sources/MEMORY/dataMemory.v:13]
INFO: [Synth 8-6155] done synthesizing module 'cpuCore' (0#1) [C:/Users/narno/Desktop/Programing/Personal Project/NOVA_FPGA_CPU/Design Sources/CU/cpuCore.v:14]
INFO: [Synth 8-226] default block is never used [C:/Users/narno/Desktop/Programing/Personal Project/NOVA_FPGA_CPU/Design Sources/BOARD/novaNexysA7.v:163]
INFO: [Synth 8-6155] done synthesizing module 'novaNexysA7' (0#1) [C:/Users/narno/Desktop/Programing/Personal Project/NOVA_FPGA_CPU/Design Sources/BOARD/novaNexysA7.v:15]
---------------------------------------------------------------------------------
Finished RTL Elaboration : Time (s): cpu = 00:00:09 ; elapsed = 00:00:10 . Memory (MB): peak = 1487.074 ; gain = 664.281
---------------------------------------------------------------------------------
---------------------------------------------------------------------------------
Start Handling Custom Attributes
---------------------------------------------------------------------------------
---------------------------------------------------------------------------------
Finished Handling Custom Attributes : Time (s): cpu = 00:00:09 ; elapsed = 00:00:10 . Memory (MB): peak = 1487.074 ; gain = 664.281
---------------------------------------------------------------------------------
---------------------------------------------------------------------------------
Finished RTL Optimization Phase 1 : Time (s): cpu = 00:00:09 ; elapsed = 00:00:10 . Memory (MB): peak = 1487.074 ; gain = 664.281
---------------------------------------------------------------------------------
Netlist sorting complete. Time (s): cpu = 00:00:00 ; elapsed = 00:00:00.009 . Memory (MB): peak = 1487.074 ; gain = 0.000
WARNING: [Netlist 29-345] The value of SIM_DEVICE on instance 'hardwareClockBuffer.coreClockBuffer' of type 'BUFGCE' is 'ULTRASCALE'; it is being changed to match the current FPGA architecture, '7SERIES'. For functional simulation to match hardware behavior, the value of SIM_DEVICE should be changed in the source netlist. 
INFO: [Netlist 29-17] Analyzing 1 Unisim elements for replacement
INFO: [Netlist 29-28] Unisim Transformation completed in 0 CPU seconds
INFO: [Project 1-570] Preparing netlist for logic optimization

Processing XDC Constraints
Initializing timing engine
Parsing XDC File [C:/Users/narno/Desktop/Programing/Personal Project/NOVA_FPGA_CPU/Constraints/novaNexysA7_v2.xdc]
Finished Parsing XDC File [C:/Users/narno/Desktop/Programing/Personal Project/NOVA_FPGA_CPU/Constraints/novaNexysA7_v2.xdc]
INFO: [Project 1-236] Implementation specific constraints were found while reading constraint file [C:/Users/narno/Desktop/Programing/Personal Project/NOVA_FPGA_CPU/Constraints/novaNexysA7_v2.xdc]. These constraints will be ignored for synthesis but will be used in implementation. Impacted constraints are listed in the file [.Xil/novaNexysA7_propImpl.xdc].
Resolution: To avoid this warning, move constraints listed in [.Xil/novaNexysA7_propImpl.xdc] to another XDC file and exclude this new file from synthesis with the used_in_synthesis property (File Properties dialog in GUI) and re-run elaboration/synthesis.
Completed Processing XDC Constraints

Netlist sorting complete. Time (s): cpu = 00:00:00 ; elapsed = 00:00:00.001 . Memory (MB): peak = 1544.801 ; gain = 0.000
INFO: [Project 1-111] Unisim Transformation Summary:
  A total of 1 instances were transformed.
  BUFGCE => BUFGCTRL: 1 instance 

Constraint Validation Runtime : Time (s): cpu = 00:00:00 ; elapsed = 00:00:00.016 . Memory (MB): peak = 1544.801 ; gain = 0.000
INFO: [Designutils 20-5440] No compile time benefit to using incremental synthesis; A full resynthesis will be run
INFO: [Designutils 20-4379] Flow is switching to default flow due to incremental criteria not met. If you would like to alter this behaviour and have the flow terminate instead, please set the following parameter config_implementation {autoIncr.Synth.RejectBehavior Terminate}
---------------------------------------------------------------------------------
Finished Constraint Validation : Time (s): cpu = 00:00:18 ; elapsed = 00:00:21 . Memory (MB): peak = 1544.801 ; gain = 722.008
---------------------------------------------------------------------------------
---------------------------------------------------------------------------------
Start Loading Part and Timing Information
---------------------------------------------------------------------------------
Loading part: xc7a100tcsg324-1
---------------------------------------------------------------------------------
Finished Loading Part and Timing Information : Time (s): cpu = 00:00:18 ; elapsed = 00:00:21 . Memory (MB): peak = 1544.801 ; gain = 722.008
---------------------------------------------------------------------------------
---------------------------------------------------------------------------------
Start Applying 'set_property' XDC Constraints
---------------------------------------------------------------------------------
---------------------------------------------------------------------------------
Finished applying 'set_property' XDC Constraints : Time (s): cpu = 00:00:18 ; elapsed = 00:00:21 . Memory (MB): peak = 1544.801 ; gain = 722.008
---------------------------------------------------------------------------------
INFO: [Synth 8-802] inferred FSM for state register 'currentState_reg' in module 'cu'
---------------------------------------------------------------------------------------------------
                   State |                     New Encoding |                Previous Encoding 
---------------------------------------------------------------------------------------------------
                 iSTATE2 |                            00001 |                              000
                  iSTATE |                            00010 |                              001
                 iSTATE1 |                            00100 |                              100
                 iSTATE0 |                            01000 |                              010
                 iSTATE3 |                            10000 |                              011
---------------------------------------------------------------------------------------------------
INFO: [Synth 8-3354] encoded FSM with state register 'currentState_reg' using encoding 'one-hot' in module 'cu'
---------------------------------------------------------------------------------
Finished RTL Optimization Phase 2 : Time (s): cpu = 00:00:19 ; elapsed = 00:00:22 . Memory (MB): peak = 1544.801 ; gain = 722.008
---------------------------------------------------------------------------------
---------------------------------------------------------------------------------
Start RTL Component Statistics 
---------------------------------------------------------------------------------
Detailed RTL Component Info : 
+---Adders : 
	   2 Input    9 Bit       Adders := 1     
	   2 Input    8 Bit       Adders := 2     
	   3 Input    8 Bit       Adders := 1     
+---XORs : 
	   2 Input      8 Bit         XORs := 1     
+---Registers : 
	               16 Bit    Registers := 1     
	                8 Bit    Registers := 10    
	                3 Bit    Registers := 2     
	                1 Bit    Registers := 11    
+---Muxes : 
	 257 Input   16 Bit        Muxes := 1     
	   4 Input   16 Bit        Muxes := 1     
	   2 Input    8 Bit        Muxes := 1     
	   4 Input    8 Bit        Muxes := 1     
	   5 Input    5 Bit        Muxes := 1     
	   3 Input    5 Bit        Muxes := 1     
	  13 Input    5 Bit        Muxes := 1     
	  13 Input    3 Bit        Muxes := 1     
	   5 Input    3 Bit        Muxes := 2     
	   2 Input    3 Bit        Muxes := 1     
	   5 Input    2 Bit        Muxes := 2     
	   2 Input    1 Bit        Muxes := 13    
	  13 Input    1 Bit        Muxes := 3     
	   5 Input    1 Bit        Muxes := 7     
---------------------------------------------------------------------------------
Finished RTL Component Statistics 
---------------------------------------------------------------------------------
---------------------------------------------------------------------------------
Start Part Resource Summary
---------------------------------------------------------------------------------
Part Resources:
DSPs: 240 (col length:80)
BRAMs: 270 (col length: RAMB18 80 RAMB36 40)
---------------------------------------------------------------------------------
Finished Part Resource Summary
---------------------------------------------------------------------------------
---------------------------------------------------------------------------------
Start Cross Boundary and Area Optimization
---------------------------------------------------------------------------------
---------------------------------------------------------------------------------
Finished Cross Boundary and Area Optimization : Time (s): cpu = 00:00:22 ; elapsed = 00:00:25 . Memory (MB): peak = 1544.801 ; gain = 722.008
---------------------------------------------------------------------------------
---------------------------------------------------------------------------------
Start Applying XDC Timing Constraints
---------------------------------------------------------------------------------
---------------------------------------------------------------------------------
Finished Applying XDC Timing Constraints : Time (s): cpu = 00:00:28 ; elapsed = 00:00:32 . Memory (MB): peak = 1688.262 ; gain = 865.469
---------------------------------------------------------------------------------
---------------------------------------------------------------------------------
Start Timing Optimization
---------------------------------------------------------------------------------
---------------------------------------------------------------------------------
Finished Timing Optimization : Time (s): cpu = 00:00:29 ; elapsed = 00:00:33 . Memory (MB): peak = 1722.551 ; gain = 899.758
---------------------------------------------------------------------------------
---------------------------------------------------------------------------------
Start Technology Mapping
---------------------------------------------------------------------------------
---------------------------------------------------------------------------------
Finished Technology Mapping : Time (s): cpu = 00:00:29 ; elapsed = 00:00:33 . Memory (MB): peak = 1722.551 ; gain = 899.758
---------------------------------------------------------------------------------
---------------------------------------------------------------------------------
Start IO Insertion
---------------------------------------------------------------------------------
---------------------------------------------------------------------------------
Start Flattening Before IO Insertion
---------------------------------------------------------------------------------
---------------------------------------------------------------------------------
Finished Flattening Before IO Insertion
---------------------------------------------------------------------------------
---------------------------------------------------------------------------------
Start Final Netlist Cleanup
---------------------------------------------------------------------------------
---------------------------------------------------------------------------------
Finished Final Netlist Cleanup
---------------------------------------------------------------------------------
WARNING: [Synth 8-5410] Found another clock driver \hardwareClockBuffer.coreClockBuffer :O [C:/Users/narno/Desktop/Programing/Personal Project/NOVA_FPGA_CPU/Design Sources/BOARD/novaNexysA7.v:116]
---------------------------------------------------------------------------------
Finished IO Insertion : Time (s): cpu = 00:00:34 ; elapsed = 00:00:38 . Memory (MB): peak = 1950.594 ; gain = 1127.801
---------------------------------------------------------------------------------
---------------------------------------------------------------------------------
Start Renaming Generated Instances
---------------------------------------------------------------------------------
---------------------------------------------------------------------------------
Finished Renaming Generated Instances : Time (s): cpu = 00:00:34 ; elapsed = 00:00:38 . Memory (MB): peak = 1950.594 ; gain = 1127.801
---------------------------------------------------------------------------------
---------------------------------------------------------------------------------
Start Rebuilding User Hierarchy
---------------------------------------------------------------------------------
---------------------------------------------------------------------------------
Finished Rebuilding User Hierarchy : Time (s): cpu = 00:00:34 ; elapsed = 00:00:38 . Memory (MB): peak = 1950.594 ; gain = 1127.801
---------------------------------------------------------------------------------
---------------------------------------------------------------------------------
Start Renaming Generated Ports
---------------------------------------------------------------------------------
---------------------------------------------------------------------------------
Finished Renaming Generated Ports : Time (s): cpu = 00:00:34 ; elapsed = 00:00:38 . Memory (MB): peak = 1950.594 ; gain = 1127.801
---------------------------------------------------------------------------------
---------------------------------------------------------------------------------
Start Handling Custom Attributes
---------------------------------------------------------------------------------
---------------------------------------------------------------------------------
Finished Handling Custom Attributes : Time (s): cpu = 00:00:34 ; elapsed = 00:00:38 . Memory (MB): peak = 1950.594 ; gain = 1127.801
---------------------------------------------------------------------------------
---------------------------------------------------------------------------------
Start Renaming Generated Nets
---------------------------------------------------------------------------------
---------------------------------------------------------------------------------
Finished Renaming Generated Nets : Time (s): cpu = 00:00:34 ; elapsed = 00:00:38 . Memory (MB): peak = 1950.594 ; gain = 1127.801
---------------------------------------------------------------------------------
---------------------------------------------------------------------------------
Start Writing Synthesis Report
---------------------------------------------------------------------------------

Report BlackBoxes: 
+-+--------------+----------+
| |BlackBox name |Instances |
+-+--------------+----------+
+-+--------------+----------+

Report Cell Usage: 
+------+-------+------+
|      |Cell   |Count |
+------+-------+------+
|1     |BUFG   |     1|
|2     |BUFGCE |     1|
|3     |CARRY4 |    16|
|4     |LUT1   |     3|
|5     |LUT2   |     7|
|6     |LUT3   |    47|
|7     |LUT4   |    33|
|8     |LUT5   |    13|
|9     |LUT6   |    36|
|10    |FDPE   |     2|
|11    |FDRE   |   113|
|12    |FDSE   |     1|
|13    |IBUF   |     6|
|14    |OBUF   |    16|
+------+-------+------+
---------------------------------------------------------------------------------
Finished Writing Synthesis Report : Time (s): cpu = 00:00:34 ; elapsed = 00:00:38 . Memory (MB): peak = 1950.594 ; gain = 1127.801
---------------------------------------------------------------------------------
Synthesis finished with 0 errors, 0 critical warnings and 1 warnings.
Synthesis Optimization Runtime : Time (s): cpu = 00:00:23 ; elapsed = 00:00:36 . Memory (MB): peak = 1950.594 ; gain = 1070.074
Synthesis Optimization Complete : Time (s): cpu = 00:00:34 ; elapsed = 00:00:39 . Memory (MB): peak = 1950.594 ; gain = 1127.801
INFO: [Project 1-571] Translating synthesized netlist
Netlist sorting complete. Time (s): cpu = 00:00:00 ; elapsed = 00:00:00.004 . Memory (MB): peak = 1950.594 ; gain = 0.000
WARNING: [Netlist 29-345] The value of SIM_DEVICE on instance 'hardwareClockBuffer.coreClockBuffer' of type 'BUFGCE' is 'ULTRASCALE'; it is being changed to match the current FPGA architecture, '7SERIES'. For functional simulation to match hardware behavior, the value of SIM_DEVICE should be changed in the source netlist. 
INFO: [Netlist 29-17] Analyzing 17 Unisim elements for replacement
INFO: [Netlist 29-28] Unisim Transformation completed in 0 CPU seconds
INFO: [Project 1-570] Preparing netlist for logic optimization
INFO: [Opt 31-138] Pushed 0 inverter(s) to 0 load pin(s).
Netlist sorting complete. Time (s): cpu = 00:00:00 ; elapsed = 00:00:00 . Memory (MB): peak = 1963.441 ; gain = 0.000
INFO: [Project 1-111] Unisim Transformation Summary:
  A total of 1 instances were transformed.
  BUFGCE => BUFGCTRL: 1 instance 

Synth Design complete | Checksum: 969f17f7
INFO: [Common 17-83] Releasing license: Synthesis
54 Infos, 3 Warnings, 0 Critical Warnings and 0 Errors encountered.
synth_design completed successfully
synth_design: Time (s): cpu = 00:00:38 ; elapsed = 00:00:47 . Memory (MB): peak = 1963.441 ; gain = 1341.797
Write ShapeDB Complete: Time (s): cpu = 00:00:00 ; elapsed = 00:00:00.009 . Memory (MB): peak = 1963.441 ; gain = 0.000
INFO: [Common 17-1381] The checkpoint 'C:/Users/narno/Desktop/Programing/Personal Project/NOVA_FPGA_CPU/NOVA/NOVA.runs/synth_1/novaNexysA7.dcp' has been generated.
INFO: [Vivado 12-24828] Executing command : report_utilization -file novaNexysA7_utilization_synth.rpt -pb novaNexysA7_utilization_synth.pb
INFO: [Common 17-206] Exiting Vivado at Mon Sep  7 11:35:43 2026...
